 * Debugger is active!
 * Debugger PIN: 130-115-586
 * Debugger is active!
 * Debugger PIN: 549-780-432
127.0.0.1 - - [25/Jan/2023 23:03:29] "GET /user HTTP/1.1" 200 -
127.0.0.1 - - [25/Jan/2023 23:03:37] "GET / HTTP/1.1" 200 -
127.0.0.1 - - [25/Jan/2023 23:03:37] "[36mGET /static/pokemon.png HTTP/1.1[0m" 304 -
 * Detected change in 'C:\\Users\\brettyboobe\\Desktop\\School\\PW_107\\Week_5\\day_2\\APIpoke\\app\\routes.py', reloading
 * Detected change in 'c:\\Users\\brettyboobe\\Desktop\\School\\PW_107\\Week_5\\day_2\\APIpoke\\app\\routes.py', reloading
 * Debugger is active!
 * Debugger PIN: 130-115-586
 * Debugger is active!
 * Debugger PIN: 549-780-432
 * Detected change in 'c:\\Users\\brettyboobe\\Desktop\\School\\PW_107\\Week_5\\day_2\\APIpoke\\app\\routes.py', reloading
 * Detected change in 'C:\\Users\\brettyboobe\\Desktop\\School\\PW_107\\Week_5\\day_2\\APIpoke\\app\\routes.py', reloading
 * Debugger is active!
 * Debugger PIN: 130-115-586
 * Debugger is active!
 * Debugger PIN: 549-780-432
 * Detected change in 'C:\\Users\\brettyboobe\\Desktop\\School\\PW_107\\Week_5\\day_2\\APIpoke\\app\\routes.py', reloading
 * Detected change in 'C:\\Users\\brettyboobe\\Desktop\\School\\PW_107\\Week_5\\day_2\\APIpoke\\app\\routes.py', reloading
 * Debugger is active!
 * Debugger PIN: 130-115-586
 * Debugger is active!
 * Debugger PIN: 549-780-432
 * Detected change in 'C:\\Users\\brettyboobe\\Desktop\\School\\PW_107\\Week_5\\day_2\\APIpoke\\app\\routes.py', reloading
 * Debugger is active!
 * Debugger PIN: 130-115-586
 * Detected change in 'C:\\Users\\brettyboobe\\Desktop\\School\\PW_107\\Week_5\\day_2\\APIpoke\\app\\routes.py', reloading
 * Detected change in 'c:\\Users\\brettyboobe\\Desktop\\School\\PW_107\\Week_5\\day_2\\APIpoke\\app\\routes.py', reloading
 * Debugger is active!
 * Debugger PIN: 130-115-586
 * Detected change in 'C:\\Users\\brettyboobe\\Desktop\\School\\PW_107\\Week_5\\day_2\\APIpoke\\app\\routes.py', reloading
 * Debugger is active!
 * Debugger PIN: 549-780-432
 * Debugger is active!
 * Debugger PIN: 130-115-586
 * Detected change in 'c:\\Users\\brettyboobe\\Desktop\\School\\PW_107\\Week_5\\day_2\\APIpoke\\app\\routes.py', reloading
 * Detected change in 'C:\\Users\\brettyboobe\\Desktop\\School\\PW_107\\Week_5\\day_2\\APIpoke\\app\\routes.py', reloading
 * Debugger is active!
 * Debugger PIN: 130-115-586
 * Debugger is active!
 * Debugger PIN: 549-780-432
Hello
127.0.0.1 - - [25/Jan/2023 23:04:31] "GET / HTTP/1.1" 200 -
127.0.0.1 - - [25/Jan/2023 23:04:31] "[36mGET /static/pokemon.png HTTP/1.1[0m" 304 -
Hello
127.0.0.1 - - [25/Jan/2023 23:04:43] "GET / HTTP/1.1" 200 -
127.0.0.1 - - [25/Jan/2023 23:04:43] "[36mGET /static/pokemon.png HTTP/1.1[0m" 304 -
Hello
127.0.0.1 - - [25/Jan/2023 23:04:55] "GET / HTTP/1.1" 200 -
127.0.0.1 - - [25/Jan/2023 23:04:55] "[36mGET /static/pokemon.png HTTP/1.1[0m" 304 -
Hello
127.0.0.1 - - [25/Jan/2023 23:05:29] "GET / HTTP/1.1" 200 -
127.0.0.1 - - [25/Jan/2023 23:05:29] "[36mGET /static/pokemon.png HTTP/1.1[0m" 304 -
Hello
127.0.0.1 - - [25/Jan/2023 23:05:35] "GET / HTTP/1.1" 200 -
127.0.0.1 - - [25/Jan/2023 23:05:35] "[36mGET /static/pokemon.png HTTP/1.1[0m" 304 -
Hello
127.0.0.1 - - [25/Jan/2023 23:06:20] "GET / HTTP/1.1" 200 -
127.0.0.1 - - [25/Jan/2023 23:06:20] "[36mGET /static/pokemon.png HTTP/1.1[0m" 304 -
[31m[1mWARNING: This is a development server. Do not use it in a production deployment. Use a production WSGI server instead.[0m
 * Running on http://127.0.0.1:5000
[33mPress CTRL+C to quit[0m
 * Detected change in 'C:\\Users\\brettyboobe\\Desktop\\School\\PW_107\\Week_5\\day_2\\APIpoke\\app\\routes.py', reloading
 * Debugger is active!
 * Debugger PIN: 130-115-586
 * Detected change in 'C:\\Users\\brettyboobe\\Desktop\\School\\PW_107\\Week_5\\day_2\\APIpoke\\app\\routes.py', reloading
 * Debugger is active!
 * Debugger PIN: 130-115-586
[31m[1mWARNING: This is a development server. Do not use it in a production deployment. Use a production WSGI server instead.[0m
 * Running on http://127.0.0.1:5000
[33mPress CTRL+C to quit[0m
[31m[1mWARNING: This is a development server. Do not use it in a production deployment. Use a production WSGI server instead.[0m
 * Running on http://127.0.0.1:5000
[33mPress CTRL+C to quit[0m
 * Restarting with stat
 * Debugger is active!
 * Debugger PIN: 549-780-432
